
root@OpenWrt:~# 
root@OpenWrt:~# 
root@OpenWrt:~# 
root@OpenWrt:~# [  244.436228] phy1-sta0: deauthenticating from AA:BB:CC:DD:EE:FF by local choice (Reason: 3=DEAUTH_LEAVING)
[  244.453356] ath11k c000000.wifi phy0-ap0: left allmulticast mode
[  244.453482] ath11k c000000.wifi phy0-ap0: left promiscuous mode
[  244.458705] br-lan: port 1(phy0-ap0) entered disabled state

root@OpenWrt:~# 
root@OpenWrt:~# [  244.709765] ath11k_pci 0000:01:00.0 phy1-ap0: left allmulticast mode
[  244.709878] ath11k_pci 0000:01:00.0 phy1-ap0: left promiscuous mode
[  244.715423] br-lan: port 2(phy1-ap0) entered disabled state

root@OpenWrt:~# 
root@OpenWrt:~# 
root@OpenWrt:~# 
root@OpenWrt:~# 
root@OpenWrt:~# 
root@OpenWrt:~# 
root@OpenWrt:~# 
root@OpenWrt:~# 
root@OpenWrt:~# 
root@OpenWrt:~# 
root@OpenWrt:~# 
root@OpenWrt:~# 
root@OpenWrt:~# 
root@OpenWrt:~# 
root@OpenWrt:~# 
root@OpenWrt:~# [  250.898670] remoteproc remoteproc0: stopped remote processor cd00000.remoteproc
[  250.898732] remoteproc remoteproc1: stopped remote processor pd-1
[ÿ
Format: Log Type - Time(microsec) - Message - Optional Info
Log Type: B - Since Boot(Power On Reset),  D - Delta,  S - Statistic
S - QC_IMAGE_VERSION_STRING=BOOT.BF.3.3.1.1-00075
S - IMAGE_VARIANT_STRING=MAACANAZA
S - OEM_IMAGE_VERSION_STRING=CRM
S - Boot Config, 0x000002c5
B -       127 - PBL, Start
B -      1560 - bootable_media_detect_entry, Start
B -      3655 - bootable_media_detect_success, Start
B -      3659 - elf_loader_entry, Start
B -      8830 - auth_hash_seg_entry, Start
B -      9190 - auth_hash_seg_exit, Start
B -    102979 - elf_segs_hash_verify_entry, Start
B -    172669 - PBL, End
B -    142038 - SBL1, Start
B -    203435 - GCC [RstStat:0x10, RstDbg:0x500100] WDog Stat : 0x4
B -    211731 - clock_init, Start
D -      7259 - clock_init, Delta
B -    219112 - boot_flash_init, Start
D -     12932 - boot_flash_init, Delta
B -    232105 - boot_config_data_table_init, Start
D -      4697 - boot_config_data_table_init, Delta - (575 Bytes)
B -    239882 - Boot Setting :  0x00000618
B -    246074 - CDT version:2,Platform ID:8,Major ID:4,Minor ID:0,Subtype:1
B -    252997 - sbl1_ddr_set_params, Start
B -    254583 - Pre_DDR_clock_init, Start
B -    260256 - Pre_DDR_clock_init, End
B -    902495 - do ddr sanity test, Start
D -        30 - do ddr sanity test, Delta
B -    907131 - Image Load, Start
D -    245464 - QSEE Image Loaded, Delta - (580996 Bytes)
B -   1153449 - Image Load, Start
D -     13908 - DEVCFG Image Loaded, Delta - (13592 Bytes)
B -   1167418 - Image Load, Start
D -    185074 - APPSBL Image Loaded, Delta - (440448 Bytes)
B -   1352583 - QSEE Execution, Start
D -        30 - QSEE Execution, Delta
B -   1359049 - SBL1, End
D -   1219665 - SBL1, Delta
S - Flash Throughput, 2446 KB/s  (1035611 Bytes,  423364 us)
S - DDR Frequency, 800 MHz
S - Core 0 Frequency, 800 MHz




U-Boot 2016.01 (Jul 26 2024 - 11:30:00 +0000)



CBT U-Boot ver: 7.3.21  ([IPQ5018].[SPF12.1].[CS1])



DRAM:  smem ram ptable found: ver: 1 len: 4

512 MiB

USB: Node Not found, skipping initiáNAND:  QPIC controller support serial NAND

ID = 85c885c8

Vendor = c8

Device = 85

Serial Nand Device Found With ID : 0xc8 0x85

Serial NAND device Manufacturer:GD5F4GM8REYIG

Device Size:512 MiB, Page size:2048, Spare Size:128, ECC:8-bit

qpic_nand: changing oobsize to 80 from 128 bytes

SF: Unsupported flash IDs: manuf 00, jedec 0000, ext_jedec 0000

ipq_spi: SPI Flash not found (bus/cs/speed/mode) = (0/0/48000000/0)

512 MiB

MMC:   sdhci: Node Not found, skipping initialization



PCI Link Intialized

PCI1 is not defined in the device tree

In:    serial@78AF000

Out:   serial@78AF000

Err:   serial@78AF000

machid: 8040001

eth0 MAC Address from ART is not valid

eth1 MAC Address from ART is not valid



Updating boot_count ... done



Hit any key to stop autoboot:  3  0 



Net:   cmbblk is stable 5

MAC0 addr:0:11:22:33:44:55

PHY ID1: 0x4d

PHY ID2: 0xd0c0

MAC1 addr:0:11:22:33:44:56

GMAC1:Get QCA8084_PHY 

board_update_caldata: Unable to find slot-Id, Default CapIn/CapOut values used

eth0

Warning: eth0 MAC addresses don't match:

Address in SROM is         00:11:22:33:44:55

Address in environment is  00:03:7f:ba:db:ad

, eth1

IPQ5018# 


IPQ5018# 


IPQ5018# 


IPQ5018# 


IPQ5018# 


IPQ5018# 


IPQ5018# 


IPQ5018# 


IPQ5018# 


IPQ5018# 


IPQ5018# 


IPQ5018# 


IPQ5018# 


IPQ5018# 


IPQ5018# 


IPQ5018# 


IPQ5018# 


IPQ5018# 


IPQ5018# 


IPQ5018# 


IPQ5018# 


IPQ5018# 


IPQ5018# 


IPQ5018# 


IPQ5018# 


IPQ5018# 


IPQ5018# 


IPQ5018# 


IPQ5018# 


IPQ5018# 


IPQ5018# 


IPQ5018# 


IPQ5018# 


IPQ5018# 


IPQ5018# 


IPQ5018# 


IPQ5018# 


IPQ5018# 


IPQ5018# 


IPQ5018# 


IPQ5018# 


IPQ5018# 


IPQ5018# 


IPQ5018# 


IPQ5018# 


IPQ5018# 


IPQ5018# 


IPQ5018# 


IPQ5018# 


IPQ5018# 


IPQ5018# 


IPQ5018# 


IPQ5018# 


IPQ5018# 


IPQ5018# 


IPQ5018# 


IPQ5018# 


IPQ5018# 


IPQ5018# 


IPQ5018# 


IPQ5018# 


IPQ5018# 


IPQ5018# 


IPQ5018# 


IPQ5018# 


IPQ5018# 


IPQ5018# 


IPQ5018# 


IPQ5018# 


IPQ5018# 


IPQ5018# 


IPQ5018# 


IPQ5018# 


IPQ5018# 


IPQ5018# 


IPQ5018# 


IPQ5018# 


IPQ5018# 


IPQ5018# 


IPQ5018# 


IPQ5018# 


IPQ5018# 


IPQ5018# 


IPQ5018# 


IPQ5018# 


IPQ5018# 


IPQ5018# 


IPQ5018# 


IPQ5018# 


IPQ5018# 


IPQ5018# 


IPQ5018# 


IPQ5018# 


IPQ5018# 


IPQ5018# 


IPQ5018# 


IPQ5018# 


IPQ5018# 


IPQ5018# 


IPQ5018# 


IPQ5018# 


IPQ5018# 


IPQ5018# 


IPQ5018# 


IPQ5018# 


IPQ5018# 


IPQ5018# 


IPQ5018# 


IPQ5018# 


IPQ5018# 


IPQ5018# 


IPQ5018# 


IPQ5018# 


IPQ5018# 


IPQ5018# 


IPQ5018# 


IPQ5018# 


IPQ5018# 


IPQ5018# 


IPQ5018# 


IPQ5018# 


IPQ5018# 


IPQ5018# 


IPQ5018# 


IPQ5018# 


IPQ5018# 


IPQ5018# 


IPQ5018# 


IPQ5018# 


IPQ5018# 


IPQ5018# 


IPQ5018# 


IPQ5018# 


IPQ5018# 


IPQ5018# 


IPQ5018# 


IPQ5018# 


IPQ5018# 


IPQ5018# 


IPQ5018# 


IPQ5018# 


IPQ5018# 


IPQ5018# 


IPQ5018# 


IPQ5018# 


IPQ5018# 


IPQ5018# 


IPQ5018# 


IPQ5018# 


IPQ5018# 


IPQ5018# 


IPQ5018# 


IPQ5018# 


IPQ5018# 


IPQ5018# 


IPQ5018# 


IPQ5018# 


IPQ5018# 


IPQ5018# 


IPQ5018# 


IPQ5018# 


IPQ5018# 


IPQ5018# 


IPQ5018# 


IPQ5018# 


IPQ5018# 


IPQ5018# 


IPQ5018# 


IPQ5018# 


IPQ5018# 


IPQ5018# 


IPQ5018# 


IPQ5018# 


IPQ5018# 


IPQ5018# 


IPQ5018# 


IPQ5018# 


IPQ5018# 


IPQ5018# 


IPQ5018# 


IPQ5018# 


IPQ5018# 


IPQ5018# 


IPQ5018# 


IPQ5018# 


IPQ5018# 


IPQ5018# 


IPQ5018# 


IPQ5018# 


IPQ5018# 


IPQ5018# 


IPQ5018# 


IPQ5018# 


IPQ5018# 


IPQ5018# 


IPQ5018# 


IPQ5018# 


IPQ5018# 


IPQ5018# 


IPQ5018# 


IPQ5018# 


IPQ5018# 


IPQ5018# 


IPQ5018# 


IPQ5018# 


IPQ5018# 


IPQ5018# 


IPQ5018# 


IPQ5018# 


IPQ5018# 


IPQ5018# 


IPQ5018# 


IPQ5018# 


IPQ5018# 


IPQ5018# 


IPQ5018# 


IPQ5018# 


IPQ5018# 


IPQ5018# 


IPQ5018# 


IPQ5018# 


IPQ5018# 


IPQ5018# 


IPQ5018# 


IPQ5018# 


IPQ5018# 


IPQ5018# 


IPQ5018# 


IPQ5018# 


IPQ5018# 


IPQ5018# 


IPQ5018# 


IPQ5018# 


IPQ5018# 


IPQ5018# 


IPQ5018# 


IPQ5018# 


IPQ5018# 


IPQ5018# 


IPQ5018# 


IPQ5018# 


IPQ5018# 


IPQ5018# 


IPQ5018# 


IPQ5018# 


IPQ5018# 


IPQ5018# 


IPQ5018# 


IPQ5018# 


IPQ5018# 


IPQ5018# 


IPQ5018# 